LIST OF SPECIAL OPERATORS : 1 IN 2 BETWEEN 3 LIKE 4 IS NULL

IN : TO COMPARE A VALUE WITH LIST OF VALUES.

DEPARTMENT_ID IN 10
SQL> 
SQL> REM DEPARTMENT_ID IN (10,110)
SQL> 
SQL> REM DEPARTMENT_ID IN (10,110,90)
SQL> 
SQL> REM DEPARTMENT_ID NOT IN (10,110,90)

SELECT * FROM EMPLOYEES WHERE DEPARTMENT_ID IN 10;

SELECT * FROM EMPLOYEES WHERE DEPARTMENT_ID IN (10,110);

SELECT * FROM EMPLOYEES WHERE DEPARTMENT_ID IN (10,110,90);

SELECT * FROM EMPLOYEES WHERE DEPARTMENT_ID NOT IN (10,110,90);

ALL SPECIAL OPERATORS CAN BE USED IN TWO WAYS : 1 POSITIVE 2 NEGATIVE
SQL> 
SQL> REM IN , NOT IN
SQL> 
SQL> REM BETWEEN , NOT BETWEEN
SQL> 
SQL> REM LIKE , NOT LIKE
SQL> 
SQL> REM IS NULL , IS NOT NULL

IN IS EQUIVALENT TO = ANY AND = SOME

NOT IN IS EQUIVALENT TO <> ALL OR != ALL OR ^= ALL

DISPLAY COMBINATIONS LIKE : 50 ST_CLERK , 80 SA_REP , 20 MK_MAN

SELECT * FROM EMPLOYEES WHERE (DEPARTMENT_ID,JOB_ID) IN ((50,'ST_CLERK'),(80,'SA_REP'),(20,'MK_MAN'));

SELECT * FROM EMPLOYEES WHERE (DEPARTMENT_ID,JOB_ID)=ANY((50,'ST_CLERK'),(80,'SA_REP'),(20,'MK_MAN'));

SELECT * FROM EMPLOYEES WHERE (DEPARTMENT_ID,JOB_ID)=SOME((50,'ST_CLERK'),(80,'SA_REP'),(20,'MK_MAN'));

SELECT * FROM EMPLOYEES WHERE (DEPARTMENT_ID,JOB_ID)NOT IN((50,'ST_CLERK'),(80,'SA_REP'),(20,'MK_MAN'));

LIST OF SPECIAL OPERATORS : 1 IN 2 BETWEEN 3 LIKE 4 IS NULL

 BETWEEN : FOR COMPARING VALUE WITHING RANGE
SQL> 
SQL> REM SALARY BETWEEN 6000 AND 11000
SQL> 
SQL> REM HIRE_DATE BETWEEN '01-JAN-91' AND '31-DEC-95'
SQL> 
SQL> REM FIRST_NAME BETWEEN 'A' AND 'M'
SQL> 
SQL> REM SALARY NOT BETWEEN 6000 AND 11000

SELECT FIRST_NAME,SALARY FROM EMPLOYEES WHERE SALARY BETWEEN 6000 AND 11000; 

SELECT FIRST_NAME,HIRE_DATE FROM EMPLOYEES WHERE HIRE_DATE BETWEEN '01-JAN-91' AND '31-DEC-95';

SELECT FIRST_NAME FROM EMPLOYEES WHERE FIRST_NAME BETWEEN 'A' AND 'M' ORDER BY 1; 


SELECT FIRST_NAME,SALARY FROM EMPLOYEES WHERE SALARY NOT BETWEEN 6000 AND 11000; 

10000 TO 15000
J TO Y
93 TO 99 

SELECT FIRST_NAME FROM EMPLOYEES WHERE FIRST_NAME BETWEEN 'J' AND 'Y' ORDER BY 1; 

SELECT HIRE_DATE FROM EMPLOYEES WHERE HIRE_DATE BETWEEN '01-JAN-93' AND '31-DEC-99';


LIKE : FOR PATTERN MATCHING

ANY OTHER OPERATOR DOESN'T SUPPORT WILD CARD CHARACTER
SQL> 
SQL> REM _ : REPRESENTS SINGLE CHARCTER AT THE POSITION
SQL> 
SQL> REM % : REPRESENTS 0 OR MORE CHARACTERS AT THE POSITION

 DISPLAY THOSE FIRST_NAME WITH LENGTH 6

 SELECT FIRST_NAME FROM EMPLOYEES WHERE FIRST_NAME LIKE '______';

SELECT FIRST_NAME FROM EMPLOYEES WHERE FIRST_NAME LIKE '_____';

DISPLAY THOSE FIRST_NAME WITH LENGTH 6 OR MORE

SELECT FIRST_NAME FROM EMPLOYEES WHERE FIRST_NAME LIKE '______%';

DISPLAY THOSE FIRST_NAME WHICH STARTS WITH ALPHABET 'P'

SELECT FIRST_NAME FROM EMPLOYEES WHERE FIRST_NAME LIKE 'P%';

DISPLAY THOSE FIRST_NAME WHICH ENDS WITH ALPHABET 'n'

SELECT FIRST_NAME FROM EMPLOYEES WHERE FIRST_NAME LIKE '%n';

DISPLAY THOSE FIRST_NAME WHICH CONTAINS ALPHABET 'e'

SELECT FIRST_NAME FROM EMPLOYEES WHERE FIRST_NAME LIKE '%e%';

SELECT FIRST_NAME FROM EMPLOYEES WHERE FIRST_NAME LIKE '%e_e%';

SELECT FIRST_NAME FROM EMPLOYEES WHERE FIRST_NAME LIKE '%e__e%';

SELECT FIRST_NAME FROM EMPLOYEES WHERE FIRST_NAME LIKE '%e%e%';

SELECT FIRST_NAME FROM EMPLOYEES WHERE FIRST_NAME LIKE '_e%e%';

SELECT FIRST_NAME FROM EMPLOYEES WHERE FIRST_NAME LIKE '%e%e%_';

ll

SELECT FIRST_NAME FROM EMPLOYEES WHERE FIRST_NAME LIKE '%ll%';

DISPLAY THOSE WHOSE NAME CONTAINS T_P

SELECT * FROM MPSLIKETBL;

SELECT * FROM MPSLIKETBL WHERE NAME LIKE '%T_P%';

SELECT * FROM MPSLIKETBL WHERE NAME LIKE '%T\_P%' ESCAPE '\';

T_%P

SELECT * FROM MPSLIKETBL WHERE NAME LIKE '%T\_\%P%' ESCAPE '\';


SELECT * FROM MPSLIKETBL WHERE NAME LIKE '%T1_1%P%' ESCAPE '1';


SELECT * FROM MPSLIKETBL WHERE NAME LIKE '%TA_A%P%' ESCAPE 'A';

COMMISSION_PCT VALUE RANGE : -0.99 TO +0.99

DISPLAY THOSE WHO GETS COMMISSION

SELECT COMMISSION_PCT FROM EMPLOYEES WHERE COMMISSION_PCT BETWEEN 0 AND .99;

SELECT COMMISSION_PCT FROM EMPLOYEES WHERE COMMISSION_PCT LIKE '.%';

SELECT COMMISSION_PCT FROM EMPLOYEES WHERE COMMISSION_PCT LIKE '%';

SELECT COMMISSION_PCT FROM EMPLOYEES WHERE COMMISSION_PCT LIKE '_%';

SELECT COMMISSION_PCT FROM EMPLOYEES WHERE COMMISSION_PCT LIKE '__%';

 DISPLAY THOSE WHO DON'T GET COMMISSION

SELECT COMMISSION_PCT FROM EMPLOYEES WHERE COMMISSION_PCT = 0;

SELECT COMMISSION_PCT FROM EMPLOYEES WHERE COMMISSION_PCT = NULL;

 SELECT COMMISSION_PCT FROM EMPLOYEES WHERE COMMISSION_PCT IS NULL;

 LOGICAL OPERATORS : NOT , AND , OR
SQL> 
SQL> REM LOGICAL OPERATORS PRECEDENCE : () -> NOT -> AND -> OR
SQL> 
SQL> REM NOT : IS USED TO REVERSE THE OUTCOME OF FOLLOWING CONDITION(S)
SQL> 
SQL> REM NOT IS PLACED JUST BEFORE CONDITION(S)
SQL> 
SQL> REM AND : IS USED WHEN WE WANT TO PROCESS ROWS WHICH SATISFIES BOTH CONDITIONS
SQL> 
SQL> REM OR : IS USED WHEN WE WANT TO PROCESS ROWS WHICH SATISFIED ATLEAST ONE CONDITION
SQL> 
SQL> REM AND & OR ARE PLACED BETWEEN TWO CONDITIONS, I.E. AND & OR ARE USED TO JOIN TWO CONDITIONS

SELECT * FROM EXAM;

DISPLAY THOSE WHO HAVE PASSED IN ENGLISH SUBJECT

SELECT * FROM EXAM WHERE ENGLISH>=33;

DISPLAY THOSE WHO HAVE FAILED IN MATHS SUBJECT

SELECT * FROM EXAM WHERE ENGLISH<33;

DISPLAY THOSE WHO HAVE FAILED IN ENGLISH SUBJECT

SELECT * FROM EXAM WHERE NOT ENGLISH>=33;

DISPLAY THOSE WHO HAVE PASSED IN MATHS SUBJECT
SQL> 
SQL> SELECT * FROM EXAM WHERE NOT MATHS < 33;

DISPLAY THOSE WHOSE RESULT IS PASS

SELECT * FROM EXAM WHERE ENGLISH>=33 AND MATHS>=33;

DISPLAY THOSE WHOSE RESULT IS FAIL
SQL> 
SELECT * FROM EXAM WHERE ENGLISH < 33 OR MATHS < 33;

 SELECT * FROM EXAM WHERE MATHS < 33 OR NOT ENGLISH >= 33;

 SELECT * FROM EXAM WHERE MATHS < 33 AND NOT ENGLISH >= 33;

 SELECT * FROM EXAM WHERE NOT MATHS < 33 AND NOT ENGLISH >= 33;

 SELECT * FROM EXAM WHERE NOT (MATHS < 33 AND ENGLISH >= 33);

 SELECT * FROM EXAM WHERE NOT (MATHS < 33 OR ENGLISH >= 33);

SELECT * FROM EXAM WHERE NOT (MATHS < 33 AND NOT ENGLISH >= 33);

SELECT FIRST_NAME , JOB_ID , HIRE_DATE , SALARY , MANAGER_ID , DEPARTMENT_ID FROM EMPLOYEES
   WHERE SALARY BETWEEN 6000 AND 12000 OR DEPARTMENT_ID NOT IN (90,50,110) ORDER BY SALARY;

   SELECT FIRST_NAME , JOB_ID , HIRE_DATE , SALARY , MANAGER_ID , DEPARTMENT_ID FROM EMPLOYEES
    WHERE SALARY BETWEEN 6000 AND 12000 AND DEPARTMENT_ID NOT IN (90,50,110) ORDER BY SALARY;

    SELECT FIRST_NAME , JOB_ID , HIRE_DATE , SALARY , MANAGER_ID , DEPARTMENT_ID FROM EMPLOYEES
    WHERE SALARY BETWEEN 6000 AND 12000 AND HIRE_DATE LIKE '%A%' ORDER BY SALARY;

 SELECT FIRST_NAME , JOB_ID , HIRE_DATE , SALARY , MANAGER_ID , DEPARTMENT_ID FROM EMPLOYEES
 WHERE SALARY NOT BETWEEN 6000 AND 12000 OR HIRE_DATE LIKE '%A%' ORDER BY SALARY;

  SELECT FIRST_NAME , JOB_ID , HIRE_DATE , SALARY , MANAGER_ID , DEPARTMENT_ID FROM EMPLOYEES
WHERE NOT SALARY BETWEEN 6000 AND 12000 AND JOB_ID LIKE '%A%A%' ORDER BY SALARY;

SELECT FIRST_NAME , JOB_ID , HIRE_DATE , SALARY , MANAGER_ID , DEPARTMENT_ID FROM EMPLOYEES
  WHERE SALARY BETWEEN 6000 AND 12000 AND JOB_ID LIKE '%A%A%' ORDER BY SALARY;

SELECT FIRST_NAME , JOB_ID , HIRE_DATE , SALARY , MANAGER_ID , DEPARTMENT_ID FROM EMPLOYEES
  WHERE SALARY BETWEEN 6000 AND 12000 OR JOB_ID LIKE '%A%A%' ORDER BY SALARY;

  SELECT FIRST_NAME , SALARY , DEPARTMENT_ID FROM EMPLOYEES
  WHERE SALARY >= 8000 AND DEPARTMENT_ID = 80 OR DEPARTMENT_ID = 60;

   DISPLAY THOSE WHOSE SALARY IS HIGHER THAN 7000 WHO MAY BE REPORTING TO 124 OR 149

SELECT first_name, salary, manager_id
FROM employees
WHERE salary > 7000
AND manager_id IN (124, 149);